{
  "version": "1.5.0",
  "plugins_used": [
    {
      "name": "ArtifactoryDetector"
    },
    {
      "name": "AWSKeyDetector"
    },
    {
      "name": "AzureStorageKeyDetector"
    },
    {
      "name": "Base64HighEntropyString",
      "limit": 4.5
    },
    {
      "name": "BasicAuthDetector"
    },
    {
      "name": "CloudantDetector"
    },
    {
      "name": "DiscordBotTokenDetector"
    },
    {
      "name": "GitHubTokenDetector"
    },
    {
      "name": "GitLabTokenDetector"
    },
    {
      "name": "HexHighEntropyString",
      "limit": 3.0
    },
    {
      "name": "IbmCloudIamDetector"
    },
    {
      "name": "IbmCosHmacDetector"
    },
    {
      "name": "IPPublicDetector"
    },
    {
      "name": "JwtTokenDetector"
    },
    {
      "name": "KeywordDetector",
      "keyword_exclude": ""
    },
    {
      "name": "MailchimpDetector"
    },
    {
      "name": "NpmDetector"
    },
    {
      "name": "OpenAIDetector"
    },
    {
      "name": "PrivateKeyDetector"
    },
    {
      "name": "PypiTokenDetector"
    },
    {
      "name": "SendGridDetector"
    },
    {
      "name": "SlackDetector"
    },
    {
      "name": "SoftlayerDetector"
    },
    {
      "name": "SquareOAuthDetector"
    },
    {
      "name": "StripeDetector"
    },
    {
      "name": "TelegramBotTokenDetector"
    },
    {
      "name": "TwilioKeyDetector"
    }
  ],
  "filters_used": [
    {
      "path": "detect_secrets.filters.allowlist.is_line_allowlisted"
    },
    {
      "path": "detect_secrets.filters.common.is_baseline_file",
      "filename": ".secrets.baseline"
    },
    {
      "path": "detect_secrets.filters.common.is_ignored_due_to_verification_policies",
      "min_level": 2
    },
    {
      "path": "detect_secrets.filters.heuristic.is_indirect_reference"
    },
    {
      "path": "detect_secrets.filters.heuristic.is_likely_id_string"
    },
    {
      "path": "detect_secrets.filters.heuristic.is_lock_file"
    },
    {
      "path": "detect_secrets.filters.heuristic.is_not_alphanumeric_string"
    },
    {
      "path": "detect_secrets.filters.heuristic.is_potential_uuid"
    },
    {
      "path": "detect_secrets.filters.heuristic.is_prefixed_with_dollar_sign"
    },
    {
      "path": "detect_secrets.filters.heuristic.is_sequential_string"
    },
    {
      "path": "detect_secrets.filters.heuristic.is_swagger_file"
    },
    {
      "path": "detect_secrets.filters.heuristic.is_templated_secret"
    },
    {
      "path": "detect_secrets.filters.regex.should_exclude_file",
      "pattern": [
        "configs/.*\\.json",
        "\\.md$",
        "package-lock\\.json",
        "\\.lock$"
      ]
    }
  ],
  "results": {
    ".security/check_prompt_injections.py": [
      {
        "type": "Hex High Entropy String",
        "filename": ".security/check_prompt_injections.py",
        "hashed_secret": "90bd1b48e958257948487b90bee080ba5ed00caa",
        "is_verified": false,
        "line_number": 183
      }
    ],
    "deploy/Validation-Helpers.psm1": [
      {
        "type": "Base64 High Entropy String",
        "filename": "deploy/Validation-Helpers.psm1",
        "hashed_secret": "b173ce3ab26e49197a0a2c968ae03937ead2c080",
        "is_verified": false,
        "line_number": 129
      }
    ],
    "reference/Office Action Rejections.txt": [
      {
        "type": "Hex High Entropy String",
        "filename": "reference/Office Action Rejections.txt",
        "hashed_secret": "c51860fe30ee55bdd76fe9b9d4965f9c9bc60a6d",
        "is_verified": false,
        "line_number": 91
      },
      {
        "type": "Hex High Entropy String",
        "filename": "reference/Office Action Rejections.txt",
        "hashed_secret": "8f0610e366e313270db85368369e3b9f99796b5b",
        "is_verified": false,
        "line_number": 156
      },
      {
        "type": "Hex High Entropy String",
        "filename": "reference/Office Action Rejections.txt",
        "hashed_secret": "4c83283c6bc01e48c484408b3cca7e9b254d244e",
        "is_verified": false,
        "line_number": 221
      },
      {
        "type": "Hex High Entropy String",
        "filename": "reference/Office Action Rejections.txt",
        "hashed_secret": "af0448093475147dac60c8ca090d2ebf15bf4db1",
        "is_verified": false,
        "line_number": 286
      }
    ],
    "reference/Office Action Text Retrieval.txt": [
      {
        "type": "Hex High Entropy String",
        "filename": "reference/Office Action Text Retrieval.txt",
        "hashed_secret": "213bf4aabc004c256ff38ea7eb23084ced186354",
        "is_verified": false,
        "line_number": 103
      },
      {
        "type": "Hex High Entropy String",
        "filename": "reference/Office Action Text Retrieval.txt",
        "hashed_secret": "3fff3f19848a9a6a426303e70bdcbb26c1a33158",
        "is_verified": false,
        "line_number": 138
      },
      {
        "type": "Hex High Entropy String",
        "filename": "reference/Office Action Text Retrieval.txt",
        "hashed_secret": "0dd9a3ba68fcb7cc1cbab2e6e915b9537492e605",
        "is_verified": false,
        "line_number": 173
      },
      {
        "type": "Hex High Entropy String",
        "filename": "reference/Office Action Text Retrieval.txt",
        "hashed_secret": "34ae5b0b789d387a0d544a386f096d198fbf5391",
        "is_verified": false,
        "line_number": 208
      },
      {
        "type": "Hex High Entropy String",
        "filename": "reference/Office Action Text Retrieval.txt",
        "hashed_secret": "61c5577b981715ce871149b7b3d5488bfd2bbea6",
        "is_verified": false,
        "line_number": 243
      },
      {
        "type": "Hex High Entropy String",
        "filename": "reference/Office Action Text Retrieval.txt",
        "hashed_secret": "0eb7d339ad1dee2d97aff28ccb1030b9514f8fdd",
        "is_verified": false,
        "line_number": 278
      },
      {
        "type": "Hex High Entropy String",
        "filename": "reference/Office Action Text Retrieval.txt",
        "hashed_secret": "e80ca716e7647aab36b888a90dcadcaedf11b546",
        "is_verified": false,
        "line_number": 313
      },
      {
        "type": "Hex High Entropy String",
        "filename": "reference/Office Action Text Retrieval.txt",
        "hashed_secret": "611b4bcc9772ad0ff6d1b93d747aa198c8f35b76",
        "is_verified": false,
        "line_number": 348
      }
    ],
    "src/patent_filewrapper_mcp/shared/fernet_key_store.py": [
      {
        "type": "Secret Keyword",
        "filename": "src/patent_filewrapper_mcp/shared/fernet_key_store.py",
        "hashed_secret": "920f8f5815b381ea692e9e7c2f7119f2b1aa620a",
        "is_verified": false,
        "line_number": 140
      },
      {
        "type": "Secret Keyword",
        "filename": "src/patent_filewrapper_mcp/shared/fernet_key_store.py",
        "hashed_secret": "971c419dd609331343dee105fffd0f4608dc0bf2",
        "is_verified": false,
        "line_number": 172
      },
      {
        "type": "Secret Keyword",
        "filename": "src/patent_filewrapper_mcp/shared/fernet_key_store.py",
        "hashed_secret": "3211f1c802131ba18cc0b31c3461e1235c70bad2",
        "is_verified": false,
        "line_number": 192
      }
    ],
    "tests/test_auth_provider.py": [
      {
        "type": "Secret Keyword",
        "filename": "tests/test_auth_provider.py",
        "hashed_secret": "ac76baa2fc26ee51c161d710eef11a233ed88e34",
        "is_verified": false,
        "line_number": 98
      },
      {
        "type": "Secret Keyword",
        "filename": "tests/test_auth_provider.py",
        "hashed_secret": "3c70fa2a49fced5064d3be96527a46b85e39ac4e",
        "is_verified": false,
        "line_number": 100
      },
      {
        "type": "Secret Keyword",
        "filename": "tests/test_auth_provider.py",
        "hashed_secret": "a0f4ea7d91495df92bbac2e2149dfb850fe81396",
        "is_verified": false,
        "line_number": 174
      }
    ],
    "tests/test_client_hardening.py": [
      {
        "type": "Secret Keyword",
        "filename": "tests/test_client_hardening.py",
        "hashed_secret": "4dc1a3a663135885521ca7f31ed5a3fdf23f4d9c",
        "is_verified": false,
        "line_number": 102
      }
    ],
    "tests/test_cross_repo_internal_auth_compat.py": [
      {
        "type": "Secret Keyword",
        "filename": "tests/test_cross_repo_internal_auth_compat.py",
        "hashed_secret": "14a56475b6d44a416a4817fe5081cbc94b428373",
        "is_verified": false,
        "line_number": 20
      }
    ],
    "tests/test_evals_findings_fixes.py": [
      {
        "type": "Secret Keyword",
        "filename": "tests/test_evals_findings_fixes.py",
        "hashed_secret": "0dfebcfdc92874d1062f9163bcec4ee450652fe6",
        "is_verified": false,
        "line_number": 129
      },
      {
        "type": "Secret Keyword",
        "filename": "tests/test_evals_findings_fixes.py",
        "hashed_secret": "5b29ef735a0cc9246f2024fe148fa051ddcd9c7b",
        "is_verified": false,
        "line_number": 168
      }
    ],
    "tests/test_key_and_alert_lifecycle.py": [
      {
        "type": "Secret Keyword",
        "filename": "tests/test_key_and_alert_lifecycle.py",
        "hashed_secret": "70e5c32ec4cf76ce9baf6e5205d67af646dc03a8",
        "is_verified": false,
        "line_number": 14
      },
      {
        "type": "Secret Keyword",
        "filename": "tests/test_key_and_alert_lifecycle.py",
        "hashed_secret": "42e6306828289d481eb461df642730179004c9a0",
        "is_verified": false,
        "line_number": 118
      }
    ],
    "tests/test_mistral_key_logic.py": [
      {
        "type": "Base64 High Entropy String",
        "filename": "tests/test_mistral_key_logic.py",
        "hashed_secret": "dc5ff1195807f31c2d5dca25ea3f241790fa359d",
        "is_verified": false,
        "line_number": 19
      }
    ],
    "tests/test_persistent_link_bounds.py": [
      {
        "type": "Hex High Entropy String",
        "filename": "tests/test_persistent_link_bounds.py",
        "hashed_secret": "fa8da98a5bdb77b4902cbb4338e6e94ea825300e",
        "is_verified": false,
        "line_number": 65
      }
    ],
    "tests/test_registration_token_binding.py": [
      {
        "type": "Secret Keyword",
        "filename": "tests/test_registration_token_binding.py",
        "hashed_secret": "92c6a5db76cf9fd5b11bdd8f698736df8d87c1d5",
        "is_verified": false,
        "line_number": 14
      }
    ],
    "tests/test_spend_and_scoping.py": [
      {
        "type": "Secret Keyword",
        "filename": "tests/test_spend_and_scoping.py",
        "hashed_secret": "a42ba2a376f3fde6ff80712594be6f2ae4c788df",
        "is_verified": false,
        "line_number": 17
      }
    ]
  },
  "generated_at": "2026-09-03T19:40:05Z"
}
